CRITICAL - 2025-12-08 03:36:53 --> ErrorException: Undefined array key "rol"
[Method: GET, Route: usuarios]
in APPPATH\Views\usuarios\index.php on line 38.
 1 APPPATH\Views\usuarios\index.php(38): CodeIgniter\Debug\Exceptions->errorHandler(2, 'Undefined array key "rol"', 'C:\\laragon\\www\\bienes\\app\\Views\\usuarios\\index.php', 38)
 2 SYSTEMPATH\View\View.php(226): include('C:\\laragon\\www\\bienes\\app\\Views\\usuarios\\index.php')
 3 SYSTEMPATH\View\View.php(229): CodeIgniter\View\View->{closure:CodeIgniter\View\View::render():223}()
 4 SYSTEMPATH\Common.php(1167): CodeIgniter\View\View->render('usuarios/index', [], true)
 5 APPPATH\Controllers\Usuarios.php(19): view('usuarios/index', [...])
 6 SYSTEMPATH\CodeIgniter.php(933): App\Controllers\Usuarios->index()
 7 SYSTEMPATH\CodeIgniter.php(507): CodeIgniter\CodeIgniter->runController(Object(App\Controllers\Usuarios))
 8 SYSTEMPATH\CodeIgniter.php(354): CodeIgniter\CodeIgniter->handleRequest(null, Object(Config\Cache), false)
 9 SYSTEMPATH\Boot.php(363): CodeIgniter\CodeIgniter->run()
10 SYSTEMPATH\Boot.php(68): CodeIgniter\Boot::runCodeIgniter(Object(CodeIgniter\CodeIgniter))
11 FCPATH\index.php(59): CodeIgniter\Boot::bootWeb(Object(Config\Paths))
CRITICAL - 2025-12-08 03:36:57 --> ErrorException: Undefined array key "rol"
[Method: GET, Route: usuarios]
in APPPATH\Views\usuarios\index.php on line 38.
 1 APPPATH\Views\usuarios\index.php(38): CodeIgniter\Debug\Exceptions->errorHandler(2, 'Undefined array key "rol"', 'C:\\laragon\\www\\bienes\\app\\Views\\usuarios\\index.php', 38)
 2 SYSTEMPATH\View\View.php(226): include('C:\\laragon\\www\\bienes\\app\\Views\\usuarios\\index.php')
 3 SYSTEMPATH\View\View.php(229): CodeIgniter\View\View->{closure:CodeIgniter\View\View::render():223}()
 4 SYSTEMPATH\Common.php(1167): CodeIgniter\View\View->render('usuarios/index', [], true)
 5 APPPATH\Controllers\Usuarios.php(19): view('usuarios/index', [...])
 6 SYSTEMPATH\CodeIgniter.php(933): App\Controllers\Usuarios->index()
 7 SYSTEMPATH\CodeIgniter.php(507): CodeIgniter\CodeIgniter->runController(Object(App\Controllers\Usuarios))
 8 SYSTEMPATH\CodeIgniter.php(354): CodeIgniter\CodeIgniter->handleRequest(null, Object(Config\Cache), false)
 9 SYSTEMPATH\Boot.php(363): CodeIgniter\CodeIgniter->run()
10 SYSTEMPATH\Boot.php(68): CodeIgniter\Boot::runCodeIgniter(Object(CodeIgniter\CodeIgniter))
11 FCPATH\index.php(59): CodeIgniter\Boot::bootWeb(Object(Config\Paths))
CRITICAL - 2025-12-08 03:56:54 --> TypeError: Cannot access offset of type array in isset or empty
[Method: POST, Route: roles/update/6]
in SYSTEMPATH\Model.php on line 422.
 1 SYSTEMPATH\BaseModel.php(957): CodeIgniter\Model->doInsertBatch([...], null, 100, false)
 2 APPPATH\Models\RolPermisoModel.php(62): CodeIgniter\BaseModel->insertBatch([...])
 3 APPPATH\Controllers\Roles.php(136): App\Models\RolPermisoModel->syncPermisos(6, [...])
 4 SYSTEMPATH\CodeIgniter.php(933): App\Controllers\Roles->update(6)
 5 SYSTEMPATH\CodeIgniter.php(507): CodeIgniter\CodeIgniter->runController(Object(App\Controllers\Roles))
 6 SYSTEMPATH\CodeIgniter.php(354): CodeIgniter\CodeIgniter->handleRequest(null, Object(Config\Cache), false)
 7 SYSTEMPATH\Boot.php(363): CodeIgniter\CodeIgniter->run()
 8 SYSTEMPATH\Boot.php(68): CodeIgniter\Boot::runCodeIgniter(Object(CodeIgniter\CodeIgniter))
 9 FCPATH\index.php(59): CodeIgniter\Boot::bootWeb(Object(Config\Paths))
CRITICAL - 2025-12-08 03:59:52 --> CodeIgniter\Exceptions\BadMethodCallException: Call to undefined method App\Models\RolPermisoModel::getPermisosByRolId
[Method: GET, Route: roles/edit/6]
in SYSTEMPATH\Model.php on line 927.
 1 APPPATH\Controllers\Roles.php(97): CodeIgniter\Model->__call('getPermisosByRolId', [...])
 2 SYSTEMPATH\CodeIgniter.php(933): App\Controllers\Roles->edit(6)
 3 SYSTEMPATH\CodeIgniter.php(507): CodeIgniter\CodeIgniter->runController(Object(App\Controllers\Roles))
 4 SYSTEMPATH\CodeIgniter.php(354): CodeIgniter\CodeIgniter->handleRequest(null, Object(Config\Cache), false)
 5 SYSTEMPATH\Boot.php(363): CodeIgniter\CodeIgniter->run()
 6 SYSTEMPATH\Boot.php(68): CodeIgniter\Boot::runCodeIgniter(Object(CodeIgniter\CodeIgniter))
 7 FCPATH\index.php(59): CodeIgniter\Boot::bootWeb(Object(Config\Paths))
CRITICAL - 2025-12-08 21:41:03 --> ErrorException: App\Controllers\Custodios cannot use Exception - it is not a trait
[Method: GET, Route: custodios]
in APPPATH\Controllers\Custodios.php on line 9.
 1 [internal function]: CodeIgniter\Debug\Exceptions->shutdownHandler()
CRITICAL - 2025-12-08 21:41:30 --> ErrorException: App\Controllers\Custodios cannot use Exception - it is not a trait
[Method: GET, Route: custodios]
in APPPATH\Controllers\Custodios.php on line 9.
 1 [internal function]: CodeIgniter\Debug\Exceptions->shutdownHandler()
CRITICAL - 2025-12-08 22:05:44 --> ParseError: syntax error, unexpected token "<", expecting "function"
[Method: GET, Route: custodios]
in APPPATH\Controllers\Custodios.php on line 42.
 1 SYSTEMPATH\Autoloader\Autoloader.php(295): CodeIgniter\Autoloader\Autoloader->includeFile('C:\\laragon\\www\\bienes\\app\\Controllers\\Custodios.php')
 2 SYSTEMPATH\Autoloader\Autoloader.php(271): CodeIgniter\Autoloader\Autoloader->loadInNamespace('App\\Controllers\\Custodios')
 3 [internal function]: CodeIgniter\Autoloader\Autoloader->loadClass('App\\Controllers\\Custodios')
 4 SYSTEMPATH\CodeIgniter.php(885): class_exists('\\App\\Controllers\\Custodios', true)
 5 SYSTEMPATH\CodeIgniter.php(494): CodeIgniter\CodeIgniter->startController()
 6 SYSTEMPATH\CodeIgniter.php(354): CodeIgniter\CodeIgniter->handleRequest(null, Object(Config\Cache), false)
 7 SYSTEMPATH\Boot.php(363): CodeIgniter\CodeIgniter->run()
 8 SYSTEMPATH\Boot.php(68): CodeIgniter\Boot::runCodeIgniter(Object(CodeIgniter\CodeIgniter))
 9 FCPATH\index.php(59): CodeIgniter\Boot::bootWeb(Object(Config\Paths))
ERROR - 2025-12-08 22:12:33 --> mysqli_sql_exception: Duplicate entry 'prueba5@mail.com' for key 'usuarios.correo' in C:\laragon\www\bienes\system\Database\MySQLi\Connection.php:327
Stack trace:
#0 C:\laragon\www\bienes\system\Database\MySQLi\Connection.php(327): mysqli->query('INSERT INTO `us...', 0)
#1 C:\laragon\www\bienes\system\Database\BaseConnection.php(729): CodeIgniter\Database\MySQLi\Connection->execute('INSERT INTO `us...')
#2 C:\laragon\www\bienes\system\Database\BaseConnection.php(646): CodeIgniter\Database\BaseConnection->simpleQuery('INSERT INTO `us...')
#3 C:\laragon\www\bienes\system\Database\BaseBuilder.php(2345): CodeIgniter\Database\BaseConnection->query('INSERT INTO `us...', Array, false)
#4 C:\laragon\www\bienes\system\Model.php(394): CodeIgniter\Database\BaseBuilder->insert()
#5 C:\laragon\www\bienes\system\BaseModel.php(838): CodeIgniter\Model->doInsert(Array)
#6 C:\laragon\www\bienes\system\Model.php(797): CodeIgniter\BaseModel->insert(Array, true)
#7 C:\laragon\www\bienes\app\Controllers\Custodios.php(67): CodeIgniter\Model->insert(Array, true)
#8 C:\laragon\www\bienes\system\CodeIgniter.php(933): App\Controllers\Custodios->store()
#9 C:\laragon\www\bienes\system\CodeIgniter.php(507): CodeIgniter\CodeIgniter->runController(Object(App\Controllers\Custodios))
#10 C:\laragon\www\bienes\system\CodeIgniter.php(354): CodeIgniter\CodeIgniter->handleRequest(NULL, Object(Config\Cache), false)
#11 C:\laragon\www\bienes\system\Boot.php(363): CodeIgniter\CodeIgniter->run()
#12 C:\laragon\www\bienes\system\Boot.php(68): CodeIgniter\Boot::runCodeIgniter(Object(CodeIgniter\CodeIgniter))
#13 C:\laragon\www\bienes\index.php(59): CodeIgniter\Boot::bootWeb(Object(Config\Paths))
#14 {main}
